A51 MACRO ASSEMBLER  CRC                                                                  12/19/2010 21:16:09 PAGE     1


MACRO ASSEMBLER A51 V8.01
OBJECT MODULE PLACED IN .\obj\crc.obj
ASSEMBLER INVOKED BY: C:\Keil\C51\BIN\A51.EXE crc.A51 SET(SMALL) DEBUG PRINT(.\lst\crc.lst) OBJECT(.\obj\crc.obj) EP

LOC  OBJ            LINE     SOURCE

                       1     NAME    CRC_MODULE
                       2     
                       3     ?PR?CRC_ASM?CRC_MODULE                SEGMENT CODE INBLOCK 
                       4             EXTRN   DATA (CRCIn)
                       5             EXTRN   DATA (CRCReg)
                       6             PUBLIC  CRC_ASM
                       7             
----                   8             RSEG  ?PR?CRC_ASM?CRC_MODULE
                       9     
0000                  10     CRC_ASM:
0000 E500     F       11                     MOV             A, CRCIn
0002 900000   F       12                     MOV     DPTR,#CRC8_DATA     ; POINT TO TABLE 
0005 6500     F       13             XRL     A, CRCReg                       ; XOR IN CRC 
0007 93               14             MOVC    A,@A+DPTR               ; GET NEW CRC BYTE 
0008 F500     F       15             MOV     CRCReg, A               ; Store Back
000A                  16     RETURN:         
000A 22               17                     ret
                      18     
000B                  19     CRC8_DATA:
000B 005EBCE2         20                 db    000h, 05eh, 0bch, 0e2h, 061h, 03fh, 0ddh, 083h 
000F 613FDD83                
0013 C29C7E20         21             db    0c2h, 09ch, 07eh, 020h, 0a3h, 0fdh, 01fh, 041h 
0017 A3FD1F41                
001B 9DC3217F         22             db    09dh, 0c3h, 021h, 07fh, 0fch, 0a2h, 040h, 01eh 
001F FCA2401E                
0023 5F01E3BD         23             db    05fh, 001h, 0e3h, 0bdh, 03eh, 060h, 082h, 0dch 
0027 3E6082DC                
002B 237D9FC1         24             db    023h, 07dh, 09fh, 0c1h, 042h, 01ch, 0feh, 0a0h 
002F 421CFEA0                
0033 E1BF5D03         25             db    0e1h, 0bfh, 05dh, 003h, 080h, 0deh, 03ch, 062h 
0037 80DE3C62                
003B BEE0025C         26             db    0beh, 0e0h, 002h, 05ch, 0dfh, 081h, 063h, 03dh 
003F DF81633D                
0043 7C22C09E         27             db    07ch, 022h, 0c0h, 09eh, 01dh, 043h, 0a1h, 0ffh 
0047 1D43A1FF                
004B 4618FAA4         28             db    046h, 018h, 0fah, 0a4h, 027h, 079h, 09bh, 0c5h 
004F 27799BC5                
0053 84DA3866         29             db    084h, 0dah, 038h, 066h, 0e5h, 0bbh, 059h, 007h 
0057 E5BB5907                
005B DB856739         30             db    0dbh, 085h, 067h, 039h, 0bah, 0e4h, 006h, 058h 
005F BAE40658                
0063 1947A5FB         31             db    019h, 047h, 0a5h, 0fbh, 078h, 026h, 0c4h, 09ah 
0067 7826C49A                
006B 653BD987         32             db    065h, 03bh, 0d9h, 087h, 004h, 05ah, 0b8h, 0e6h 
006F 045AB8E6                
0073 A7F91B45         33             db    0a7h, 0f9h, 01bh, 045h, 0c6h, 098h, 07ah, 024h 
0077 C6987A24                
007B F8A6441A         34             db    0f8h, 0a6h, 044h, 01ah, 099h, 0c7h, 025h, 07bh 
007F 99C7257B                
0083 3A6486D8         35             db    03ah, 064h, 086h, 0d8h, 05bh, 005h, 0e7h, 0b9h 
0087 5B05E7B9                
008B 8CD2306E         36             db    08ch, 0d2h, 030h, 06eh, 0edh, 0b3h, 051h, 00fh 
008F EDB3510F                
0093 4E10F2AC         37             db    04eh, 010h, 0f2h, 0ach, 02fh, 071h, 093h, 0cdh 
0097 2F7193CD                
009B 114FADF3         38             db    011h, 04fh, 0adh, 0f3h, 070h, 02eh, 0cch, 092h 
009F 702ECC92                
00A3 D38D6F31         39             db    0d3h, 08dh, 06fh, 031h, 0b2h, 0ech, 00eh, 050h 
A51 MACRO ASSEMBLER  CRC                                                                  12/19/2010 21:16:09 PAGE     2

00A7 B2EC0E50                
00AB AFF1134D         40             db    0afh, 0f1h, 013h, 04dh, 0ceh, 090h, 072h, 02ch 
00AF CE90722C                
00B3 6D33D18F         41             db    06dh, 033h, 0d1h, 08fh, 00ch, 052h, 0b0h, 0eeh 
00B7 0C52B0EE                
00BB 326C8ED0         42             db    032h, 06ch, 08eh, 0d0h, 053h, 00dh, 0efh, 0b1h 
00BF 530DEFB1                
00C3 F0AE4C12         43             db    0f0h, 0aeh, 04ch, 012h, 091h, 0cfh, 02dh, 073h 
00C7 91CF2D73                
00CB CA947628         44             db    0cah, 094h, 076h, 028h, 0abh, 0f5h, 017h, 049h 
00CF ABF51749                
00D3 0856B4EA         45             db    008h, 056h, 0b4h, 0eah, 069h, 037h, 0d5h, 08bh 
00D7 6937D58B                
00DB 5709EBB5         46             db    057h, 009h, 0ebh, 0b5h, 036h, 068h, 08ah, 0d4h 
00DF 36688AD4                
00E3 95CB2977         47             db    095h, 0cbh, 029h, 077h, 0f4h, 0aah, 048h, 016h 
00E7 F4AA4816                
00EB E9B7550B         48             db    0e9h, 0b7h, 055h, 00bh, 088h, 0d6h, 034h, 06ah 
00EF 88D6346A                
00F3 2B7597C9         49             db    02bh, 075h, 097h, 0c9h, 04ah, 014h, 0f6h, 0a8h 
00F7 4A14F6A8                
00FB 742AC896         50             db    074h, 02ah, 0c8h, 096h, 015h, 04bh, 0a9h, 0f7h 
00FF 154BA9F7                
0103 B6E80A54         51             db    0b6h, 0e8h, 00ah, 054h, 0d7h, 089h, 06bh, 035h 
0107 D7896B35                
                      52                     end
A51 MACRO ASSEMBLER  CRC                                                                  12/19/2010 21:16:09 PAGE     3

SYMBOL TABLE LISTING
------ ----- -------


N A M E                 T Y P E  V A L U E   ATTRIBUTES

?PR?CRC_ASM?CRC_MODULE  C SEG    010BH       REL=INBLOCK
CRC8_DATA. . . . . . .  C ADDR   000BH   R   SEG=?PR?CRC_ASM?CRC_MODULE
CRCIN. . . . . . . . .  D ADDR   -----       EXT
CRCREG . . . . . . . .  D ADDR   -----       EXT
CRC_ASM. . . . . . . .  C ADDR   0000H   R   SEG=?PR?CRC_ASM?CRC_MODULE
CRC_MODULE . . . . . .  N NUMB   -----       
RETURN . . . . . . . .  C ADDR   000AH   R   SEG=?PR?CRC_ASM?CRC_MODULE


REGISTER BANK(S) USED: 0 


ASSEMBLY COMPLETE.  0 WARNING(S), 0 ERROR(S)
